<?xml version="1.0" encoding="UTF-8"?>
<testsuites name="Mocha Tests" time="0.042" tests="12" failures="0">
  <testsuite name="Root Suite" timestamp="2026-05-01T12:34:58" tests="0" time="0.000" failures="0">
  </testsuite>
  <testsuite name="Extension smoke tests" timestamp="2026-05-01T12:34:58" tests="2" file="/home/jimisola/cloud/dev/clones/github/reqstool/reqstool-vscode/out/test/extension.test.js" time="0.039" failures="0">
    <testcase name="Extension smoke tests extension is registered" time="0.000" classname="extension is registered">
    </testcase>
    <testcase name="Extension smoke tests reqstool.selectServerSource command is registered" time="0.003" classname="reqstool.selectServerSource command is registered">
    </testcase>
  </testsuite>
  <testsuite name="parseVersionFromVersionOutput" timestamp="2026-05-01T12:34:58" tests="10" file="/home/jimisola/cloud/dev/clones/github/reqstool/reqstool-vscode/out/test/extension.test.js" time="0.002" failures="0">
    <testcase name="parseVersionFromVersionOutput parses &quot;0.9.1\n        # JSON Schema version: v1\n&quot;" time="0.000" classname="parses &quot;0.9.1\n        # JSON Schema version: v1\n&quot;">
    </testcase>
    <testcase name="parseVersionFromVersionOutput parses &quot;0.9.1.dev10\n        # JSON Schema version: v1\n&quot;" time="0.000" classname="parses &quot;0.9.1.dev10\n        # JSON Schema version: v1\n&quot;">
    </testcase>
    <testcase name="parseVersionFromVersionOutput parses &quot;0.9.1.post1\n&quot;" time="0.000" classname="parses &quot;0.9.1.post1\n&quot;">
    </testcase>
    <testcase name="parseVersionFromVersionOutput parses &quot;1.0.0rc1\n&quot;" time="0.000" classname="parses &quot;1.0.0rc1\n&quot;">
    </testcase>
    <testcase name="parseVersionFromVersionOutput parses &quot;1.0.0a3\n&quot;" time="0.000" classname="parses &quot;1.0.0a3\n&quot;">
    </testcase>
    <testcase name="parseVersionFromVersionOutput parses &quot;1.0.0+abc.def\n&quot;" time="0.000" classname="parses &quot;1.0.0+abc.def\n&quot;">
    </testcase>
    <testcase name="parseVersionFromVersionOutput parses &quot;1.0.0.dev5+sha.abc123\n&quot;" time="0.000" classname="parses &quot;1.0.0.dev5+sha.abc123\n&quot;">
    </testcase>
    <testcase name="parseVersionFromVersionOutput parses &quot;reqstool, version 0.9.1.dev10\n&quot;" time="0.000" classname="parses &quot;reqstool, version 0.9.1.dev10\n&quot;">
    </testcase>
    <testcase name="parseVersionFromVersionOutput parses &quot;&quot;" time="0.000" classname="parses &quot;&quot;">
    </testcase>
    <testcase name="parseVersionFromVersionOutput parses &quot;no version here\n&quot;" time="0.000" classname="parses &quot;no version here\n&quot;">
    </testcase>
  </testsuite>
</testsuites>